<html>
<body>
<pre>
<h1>µVision Build Log</h1>
<h2>Project:</h2>
C:\Users\ShannonS\Documents\GitHub\ARM-Programs\FRDM-KL25 UART0\KL25_UART.uvproj
Project File Date:  05/08/2014

<h2>Output:</h2>
Build target 'Target 1'
assembling startup_MKL25Z4.s...
compiling main.c...
compiling system_MKL25Z4.c...
linking...
Program Size: Code=2996 RO-data=264 RW-data=28 ZI-data=1124  
".\KL25_UART.axf" - 0 Error(s), 0 Warning(s).
tput files for target 'Target 1'
g(s).
ady been defined
  int fputc(int ch, FILE *f){
main.c(27): error:  #247: function "fgetc" has already been defined
  int fgetc(FILE *f){
main.c: 1 warning, 3 errors
".\KL25_UART.axf" - 3 Error(s), 1 Warning(s).
Target not created
!(UART0->S1 & UART_S1_TDRE_MASK) && !(UART0->S1 & UART_S1_TC_MASK));
UART.h(32): error:  #20: identifier "UART_S1_TC_MASK" is undefined
        while(!(UART0->S1 & UART_S1_TDRE_MASK) && !(UART0->S1 & UART_S1_TC_MASK));
UART.h(39): error:  #20: identifier "UART0" is undefined
        while(!(UART0->S1 & UART_S1_RDRF_MASK));
UART.h(39): error:  #20: identifier "UART_S1_RDRF_MASK" is undefined
        while(!(UART0->S1 & UART_S1_RDRF_MASK));
UART.h(45): error:  #20: identifier "UART0" is undefined
    while(!(UART0->S1 & UART_S1_RDRF_MASK));
UART.h(45): error:  #20: identifier "UART_S1_RDRF_MASK" is undefined
    while(!(UART0->S1 & UART_S1_RDRF_MASK));
UART.h(51): error:  #20: identifier "UART0" is undefined
    while(!(UART0->S1 & UART_S1_TDRE_MASK) && !(UART0->S1 & UART_S1_TC_MASK));
UART.h(51): error:  #20: identifier "UART_S1_TDRE_MASK" is undefined
    while(!(UART0->S1 & UART_S1_TDRE_MASK) && !(UART0->S1 & UART_S1_TC_MASK));
UART.h(51): error:  #20: identifier "UART_S1_TC_MASK" is undefined
    while(!(UART0->S1 & UART_S1_TDRE_MASK) && !(UART0->S1 & UART_S1_TC_MASK));
UART.h(56): error:  #20: identifier "SIM" is undefined
        SIM->SCGC4 |= SIM_SCGC4_UART0_MASK;                                                                             // enable clock gating to uart0 module 
UART.h(56): error:  #20: identifier "SIM_SCGC4_UART0_MASK" is undefined
        SIM->SCGC4 |= SIM_SCGC4_UART0_MASK;                                                                             // enable clock gating to uart0 module 
UART.h(57): error:  #20: identifier "SIM_SCGC5_PORTA_MASK" is undefined
        SIM->SCGC5 |= SIM_SCGC5_PORTA_MASK;                                                                                     // enable clock gating to port A        
UART.h(58): error:  #20: identifier "UART0" is undefined
        UART0->C2 &= ~UART0_C2_TE_MASK & ~UART0_C2_RE_MASK;             // disable rx and tx for register programming 
UART.h(58): error:  #20: identifier "UART0_C2_TE_MASK" is undefined
        UART0->C2 &= ~UART0_C2_TE_MASK & ~UART0_C2_RE_MASK;             // disable rx and tx for register programming 
UART.h(58): error:  #20: identifier "UART0_C2_RE_MASK" is undefined
        UART0->C2 &= ~UART0_C2_TE_MASK & ~UART0_C2_RE_MASK;             // disable rx and tx for register programming 
UART.h(60): warning:  #223-D: function "SIM_SOPT2_UART0SRC" declared implicitly
        SIM->SOPT2 |= SIM_SOPT2_UART0SRC(01);
UART.h(61): error:  #20: identifier "SIM_SOPT2_PLLFLLSEL_MASK" is undefined
        SIM->SOPT2 |= SIM_SOPT2_PLLFLLSEL_MASK;
UART.h(63): error:  #20: identifier "PORTA" is undefined
        PORTA->PCR[1] = PORT_PCR_ISF_MASK | PORT_PCR_MUX(2);
UART.h(63): error:  #20: identifier "PORT_PCR_ISF_MASK" is undefined
        PORTA->PCR[1] = PORT_PCR_ISF_MASK | PORT_PCR_MUX(2);
UART.h(63): warning:  #223-D: function "PORT_PCR_MUX" declared implicitly
        PORTA->PCR[1] = PORT_PCR_ISF_MASK | PORT_PCR_MUX(2);
UART.h(66): error:  #20: identifier "uint16_t" is undefined
        sbr = (uint16_t)((sysclk)/(baud * osr+1));
UART.h(67): warning:  #223-D: function "UART0_BDH_SBR" declared implicitly
        temp = UART0->BDH & ~(UART0_BDH_SBR(0x1F));
UART.h(68): warning:  #223-D: function "UART_BDH_SBR" declared implicitly
        UART0->BDH = temp | UART_BDH_SBR(((sbr & 0x1F00) >> 8));
UART.h(69): error:  #20: identifier "uint8_t" is undefined
        UART0->BDL = (uint8_t)(sbr & UART_BDL_SBR_MASK);
UART.h(69): error:  #20: identifier "UART_BDL_SBR_MASK" is undefined
        UART0->BDL = (uint8_t)(sbr & UART_BDL_SBR_MASK);
UART.h(70): warning:  #223-D: function "UART0_C4_OSR" declared implicitly
        UART0->C4 |= UART0_C4_OSR(osr);                                                                                                 // set oversampling ratio 
UART.h(89): error:  #20: identifier "UART0_C1_M_MASK" is undefined
        if(UART0_C1_M_MASK == 0){
UART.h(97): error:  #20: identifier "UART0_C1_PE_MASK" is undefined
        if(UART0_C1_PE_MASK == 0){
UART.h(102): error:  #20: identifier "UART0_C1_PT_MASK" is undefined
                if(UART0_C1_PT_MASK == 0){
UART.h(111): error:  #20: identifier "UART0_BDH_SBNS_MASK" is undefined
        if (UART0_BDH_SBNS_MASK == 0){
UART.h(120): error:  #20: identifier "UART0" is undefined
        printf("\n UART0_BDH_Register: 0x%X             \n",UART0->BDL);
main.c: 5 warnings, 30 errors
".\KL25_UART.axf" - 30 Error(s), 5 Warning(s).
Target not created
L25_UART.axf" - 30 Error(s), 5 Warning(s).
Target not created
