<html>
<body>
<pre>
<h1>µVision Build Log</h1>
<h2>Project:</h2>
D:\Student Data\Desktop\Folder\ARM-Programs\FRDM-KL25 UART0\KL25_UART.uvproj
Project File Date:  05/08/2014

<h2>Output:</h2>
Build target 'Target 1'
TERATERM.INI: error - custom translator properties not set
linking...
Program Size: Code=3004 RO-data=264 RW-data=28 ZI-data=1124  
".\KL25_UART.axf" - 0 Error(s), 0 Warning(s).
Target not created
Clean started: Project: 'KL25_UART'
   deleting intermediate output files for target 'Target 1'
e.
Programming Done.
Verify OK.
Application running ...
0\\KL25_UART.axf" 
Erase Done.
Programming Done.
Verify OK.
Application running ...
Load "D:\\Student Data\\Desktop\\Folder\\ARM-Programs\\FRDM-KL25 UART0\\KL25_UART.axf" 
RDDI-DAP Error
Error: Flash Download failed  -  Target DLL has been cancelled
Load "D:\\Student Data\\Desktop\\Folder\\ARM-Programs\\FRDM-KL25 UART0\\KL25_UART.axf" 
RDDI-DAP Error
Error: Flash Download failed  -  Target DLL has been cancelled
Load "D:\\Student Data\\Desktop\\Folder\\ARM-Programs\\FRDM-KL25 UART0\\KL25_UART.axf" 
RDDI-DAP Error
Error: Flash Download failed  -  Target DLL has been cancelled
Load "D:\\Student Data\\Desktop\\Folder\\ARM-Programs\\FRDM-KL25 UART0\\KL25_UART.axf" 
RDDI-DAP Error
Error: Flash Download failed  -  Target DLL has been cancelled
Load "D:\\Student Data\\Desktop\\Folder\\ARM-Programs\\FRDM-KL25 UART0\\KL25_UART.axf" 
RDDI-DAP Error
Error: Flash Download failed  -  Target DLL has been cancelled
Load "D:\\Student Data\\Desktop\\Folder\\ARM-Programs\\FRDM-KL25 UART0\\KL25_UART.axf" 
RDDI-DAP Error
Error: Flash Download failed  -  Target DLL has been cancelled
Load "D:\\Student Data\\Desktop\\Folder\\ARM-Programs\\FRDM-KL25 UART0\\KL25_UART.axf" 
RDDI-DAP Error
Error: Flash Download failed  -  Target DLL has been cancelled
