<html>
<body>
<pre>
<h1>µVision Build Log</h1>
<h2>Project:</h2>
C:\Users\student\Dropbox\School\Microprocessor System Design\Lab8 (ARM Cortex Lab 1)\ARM take 5\ARM Lab1 Blinky Template\GPIODemos.uvproj
Project File Date:  04/07/2014

<h2>Output:</h2>
Build target 'KL25Z Flash'
linking...
Program Size: Code=1104 RO-data=312 RW-data=8 ZI-data=1024  
".\Flash\GPIODemos.axf" - 0 Error(s), 0 Warning(s).
Load "C:\\Users\\student\\Dropbox\\School\\Microprocessor System Design\\Lab8 (ARM Cortex Lab 1)\\ARM take 5\\ARM Lab1 Blinky Template\\Flash\\GPIODemos.axf" 
Erase Done.
Programming Done.
Verify OK.
Application running ...
</pre>
</body>
</html>
