<html>
<body>
<pre>
<h1>µVision Build Log</h1>
<h2>Project:</h2>
C:\Users\ShannonS\Dropbox\School\Microprocessor System Design\Final\KL25 UART\KL25_UART.uvproj
Project File Date:  04/30/2014

<h2>Output:</h2>
Build target 'Target 1'
linking...
Program Size: Code=5864 RO-data=6176 RW-data=32 ZI-data=1376  
".\KL25_UART.axf" - 0 Error(s), 0 Warning(s).
Load "C:\\Users\\ShannonS\\Dropbox\\School\\Microprocessor System Design\\Final\\KL25 UART\\KL25_UART.axf" 
Erase Done.
Programming Done.
Verify OK.
Application running ...
tput files for target 'Target 1'
ART.axf" 
Error: Flash Download failed  -  Target DLL has been cancelled
...
ents mismatch at: 000025FCH  (Flash=20H  Required=23H) !
Contents mismatch at: 000025FFH  (Flash=23H  Required=20H) !
Contents mismatch at: 00002601H  (Flash=20H  Required=23H) !
Contents mismatch at: 00002602H  (Flash=20H  Required=23H) !
Contents mismatch at: 00002605H  (Flash=23H  Required=20H) !
Contents mismatch at: 00002607H  (Flash=20H  Required=23H) !
Contents mismatch at: 00002608H  (Flash=20H  Required=23H) !
Contents mismatch at: 0000260DH  (Flash=20H  Required=23H) !
Contents mismatch at: 0000260EH  (Flash=20H  Required=23H) !
Contents mismatch at: 0000260FH  (Flash=20H  Required=23H) !
Contents mismatch at: 00002610H  (Flash=23H  Required=20H) !
Contents mismatch at: 00002611H  (Flash=23H  Required=20H) !
Contents mismatch at: 00002620H  (Flash=20H  Required=00H) !
Contents mismatch at: 00002621H  (Flash=23H  Required=00H) !
Contents mismatch at: 00002622H  (Flash=23H  Required=00H) !
Contents mismatch at: 00002623H  (Flash=23H  Required=00H) !
Contents mismatch at: 00002624H  (Flash=20H  Required=0AH) !
Contents mismatch at: 00002625H  (Flash=20H  Required=2FH) !
Contents mismatch at: 00002627H  (Flash=23H  Required=20H) !
Contents mismatch at: 00002628H  (Flash=23H  Required=20H) !
Contents mismatch at: 00002629H  (Flash=23H  Required=20H) !
Contents mismatch at: 0000262FH  (Flash=20H  Required=23H) !
Contents mismatch at: 00002632H  (Flash=23H  Required=20H) !
Contents mismatch at: 00002633H  (Flash=23H  Required=20H) !
Contents mismatch at: 00002634H  (Flash=23H  Required=20H) !
Contents mismatch at: 00002637H  (Flash=20H  Required=23H) !
Contents mismatch at: 00002639H  (Flash=23H  Required=20H) !
Contents mismatch at: 0000263AH  (Flash=23H  Required=20H) !
Contents mismatch at: 0000263DH  (Flash=20H  Required=23H) !
Contents mismatch at: 0000263FH  (Flash=23H  Required=20H) !
Contents mismatch at: 00002640H  (Flash=23H  Required=20H) !
Contents mismatch at: 00002645H  (Flash=23H  Required=20H) !
Contents mismatch at: 00002646H  (Flash=23H  Required=20H) !
Contents mismatch at: 00002647H  (Flash=23H  Required=20H) !
Contents mismatch at: 00002648H  (Flash=20H  Required=23H) !
Contents mismatch at: 00002649H  (Flash=20H  Required=23H) !
Contents mismatch at: 00002658H  (Flash=00H  Required=20H) !
Contents mismatch at: 00002659H  (Flash=00H  Required=23H) !
Contents mismatch at: 0000265AH  (Flash=00H  Required=23H) !
Contents mismatch at: 0000265BH  (Flash=00H  Required=23H) !
Contents mismatch at: 0000265CH  (Flash=0AH  Required=20H) !
Contents mismatch at: 0000265DH  (Flash=2FH  Required=20H) !
Contents mismatch at: 0000265FH  (Flash=20H  Required=23H) !
Contents mismatch at: 00002660H  (Flash=20H  Required=23H) !
Contents mismatch at: 00002661H  (Flash=20H  Required=23H) !
Contents mismatch at: 00002667H  (Flash=23H  Required=20H) !
Verify Failed!
Error: Flash Download failed  -  "Cortex-M0+"
