<html>
<body>
<pre>
<h1>µVision Build Log</h1>
<h2>Project:</h2>
C:\Users\Alex\Documents\Teaching\Book Writin'\ARM M0Plus\Content\GPIO\Code\GPIODemos\GPIODemos.uvproj
Project File Date:  01/09/2013

<h2>Output:</h2>
Build target 'KL25Z Flash'
assembling startup_MKL25Z4.s...
compiling system_MKL25Z4.c...
compiling main.c...
main.c(16): error:  #5: cannot open source input file "lcd_4bit.h": No such file or directory
Target not created
Build target 'KL25Z Flash'
compiling main.c...
main.c(170): warning:  #223-D: function "set_cursor" declared implicitly
main.c(171): warning:  #223-D: function "lcd_print" declared implicitly
main.c(175): warning:  #223-D: function "set_cursor" declared implicitly
main.c(176): warning:  #223-D: function "lcd_print" declared implicitly
main.c(180): warning:  #223-D: function "set_cursor" declared implicitly
main.c(181): warning:  #223-D: function "lcd_print" declared implicitly
main.c(187): warning:  #223-D: function "set_cursor" declared implicitly
main.c(188): warning:  #223-D: function "lcd_print" declared implicitly
main.c(194): warning:  #223-D: function "set_cursor" declared implicitly
main.c(195): warning:  #223-D: function "lcd_print" declared implicitly
main.c(204): warning:  #223-D: function "set_cursor" declared implicitly
main.c(205): warning:  #223-D: function "lcd_print" declared implicitly
main.c(244): warning:  #177-D: variable "num" was declared but never referenced
main.c(245): warning:  #177-D: variable "numloops" was declared but never referenced
main.c(246): warning:  #177-D: variable "dir" was declared but never referenced
main.c(247): warning:  #177-D: variable "buff" was declared but never referenced
main.c(29): warning:  #177-D: function "LED_Config" was declared but never referenced
main.c(49): warning:  #177-D: function "LED_On" was declared but never referenced
main.c(58): warning:  #177-D: function "LED_Off" was declared but never referenced
linking...
GPIODemos.axf: Error: L6218E: Undefined symbol lcd_print (referred from main.o).
GPIODemos.axf: Error: L6218E: Undefined symbol set_cursor (referred from main.o).
Target not created
Rebuild target 'KL25Z Flash'
assembling startup_MKL25Z4.s...
compiling system_MKL25Z4.c...
compiling main.c...
main.c(170): warning:  #223-D: function "set_cursor" declared implicitly
main.c(171): warning:  #223-D: function "lcd_print" declared implicitly
main.c(175): warning:  #223-D: function "set_cursor" declared implicitly
main.c(176): warning:  #223-D: function "lcd_print" declared implicitly
main.c(180): warning:  #223-D: function "set_cursor" declared implicitly
main.c(181): warning:  #223-D: function "lcd_print" declared implicitly
main.c(187): warning:  #223-D: function "set_cursor" declared implicitly
main.c(188): warning:  #223-D: function "lcd_print" declared implicitly
main.c(194): warning:  #223-D: function "set_cursor" declared implicitly
main.c(195): warning:  #223-D: function "lcd_print" declared implicitly
main.c(204): warning:  #223-D: function "set_cursor" declared implicitly
main.c(205): warning:  #223-D: function "lcd_print" declared implicitly
main.c(244): warning:  #177-D: variable "num" was declared but never referenced
main.c(245): warning:  #177-D: variable "numloops" was declared but never referenced
main.c(246): warning:  #177-D: variable "dir" was declared but never referenced
main.c(247): warning:  #177-D: variable "buff" was declared but never referenced
main.c(29): warning:  #177-D: function "LED_Config" was declared but never referenced
main.c(49): warning:  #177-D: function "LED_On" was declared but never referenced
main.c(58): warning:  #177-D: function "LED_Off" was declared but never referenced
linking...
GPIODemos.axf: Error: L6218E: Undefined symbol lcd_print (referred from main.o).
GPIODemos.axf: Error: L6218E: Undefined symbol set_cursor (referred from main.o).
Target not created
Build target 'KL25Z Flash'
assembling startup_MKL25Z4.s...
startup_MKL25Z4.s: error: A1023E: File "startup_MKL25Z4.s" could not be opened: No such file or directory
Target not created
Build target 'KL25Z Flash'
compiling system_MKL25Z4.c...
system_MKL25Z4.c: Error:  #5: cannot open source input file "system_MKL25Z4.c": No such file or directory
Target not created
Build target 'KL25Z Flash'
assembling startup_MKL25Z4.s...
compiling system_MKL25Z4.c...
compiling LCD_4bit.c...
compiling main.c...
src\main.c(171): warning:  #223-D: function "set_cursor" declared implicitly
src\main.c(172): warning:  #223-D: function "lcd_print" declared implicitly
src\main.c(176): warning:  #223-D: function "set_cursor" declared implicitly
src\main.c(177): warning:  #223-D: function "lcd_print" declared implicitly
src\main.c(181): warning:  #223-D: function "set_cursor" declared implicitly
src\main.c(182): warning:  #223-D: function "lcd_print" declared implicitly
src\main.c(188): warning:  #223-D: function "set_cursor" declared implicitly
src\main.c(189): warning:  #223-D: function "lcd_print" declared implicitly
src\main.c(195): warning:  #223-D: function "set_cursor" declared implicitly
src\main.c(196): warning:  #223-D: function "lcd_print" declared implicitly
src\main.c(205): warning:  #223-D: function "set_cursor" declared implicitly
src\main.c(206): warning:  #223-D: function "lcd_print" declared implicitly
src\main.c(245): warning:  #177-D: variable "num" was declared but never referenced
src\main.c(246): warning:  #177-D: variable "numloops" was declared but never referenced
src\main.c(247): warning:  #177-D: variable "dir" was declared but never referenced
src\main.c(248): warning:  #177-D: variable "buff" was declared but never referenced
src\main.c(30): warning:  #177-D: function "LED_Config" was declared but never referenced
src\main.c(50): warning:  #177-D: function "LED_On" was declared but never referenced
src\main.c(59): warning:  #177-D: function "LED_Off" was declared but never referenced
linking...
Program Size: Code=2166 RO-data=306 RW-data=4 ZI-data=1028  
".\Flash\GPIODemos.axf" - 0 Error(s), 19 Warning(s).
Build target 'KL25Z Flash'
compiling main.c...
src\main.c(172): warning:  #223-D: function "set_cursor" declared implicitly
src\main.c(173): warning:  #223-D: function "lcd_print" declared implicitly
src\main.c(177): warning:  #223-D: function "set_cursor" declared implicitly
src\main.c(178): warning:  #223-D: function "lcd_print" declared implicitly
src\main.c(182): warning:  #223-D: function "set_cursor" declared implicitly
src\main.c(183): warning:  #223-D: function "lcd_print" declared implicitly
src\main.c(189): warning:  #223-D: function "set_cursor" declared implicitly
src\main.c(190): warning:  #223-D: function "lcd_print" declared implicitly
src\main.c(196): warning:  #223-D: function "set_cursor" declared implicitly
src\main.c(197): warning:  #223-D: function "lcd_print" declared implicitly
src\main.c(206): warning:  #223-D: function "set_cursor" declared implicitly
src\main.c(207): warning:  #223-D: function "lcd_print" declared implicitly
src\main.c(246): warning:  #177-D: variable "num" was declared but never referenced
src\main.c(247): warning:  #177-D: variable "numloops" was declared but never referenced
src\main.c(248): warning:  #177-D: variable "dir" was declared but never referenced
src\main.c(249): warning:  #177-D: variable "buff" was declared but never referenced
src\main.c(31): warning:  #177-D: function "LED_Config" was declared but never referenced
src\main.c(51): warning:  #177-D: function "LED_On" was declared but never referenced
src\main.c(60): warning:  #177-D: function "LED_Off" was declared but never referenced
linking...
Program Size: Code=2166 RO-data=306 RW-data=4 ZI-data=1028  
".\Flash\GPIODemos.axf" - 0 Error(s), 19 Warning(s).
Build target 'KL25Z Flash'
compiling main.c...
src\main.c(246): warning:  #177-D: variable "num" was declared but never referenced
src\main.c(247): warning:  #177-D: variable "numloops" was declared but never referenced
src\main.c(248): warning:  #177-D: variable "dir" was declared but never referenced
src\main.c(249): warning:  #177-D: variable "buff" was declared but never referenced
src\main.c(31): warning:  #177-D: function "LED_Config" was declared but never referenced
src\main.c(51): warning:  #177-D: function "LED_On" was declared but never referenced
src\main.c(60): warning:  #177-D: function "LED_Off" was declared but never referenced
linking...
Program Size: Code=2166 RO-data=306 RW-data=4 ZI-data=1028  
".\Flash\GPIODemos.axf" - 0 Error(s), 7 Warning(s).
Build target 'KL25Z Flash'
compiling main.c...
src\main.c(16): error:  #5: cannot open source input file "gpio_defs.h": No such file or directory
Target not created
Build target 'KL25Z Flash'
compiling system_MKL25Z4.c...
compiling LCD_4bit.c...
compiling main.c...
include\gpio_defs.h(15): warning:  #1-D: last line of file ends without a newline
src\main.c(92): warning:  #111-D: statement is unreachable
src\main.c(159): error:  #20: identifier "RED_LED" is undefined
src\main.c(164): error:  #20: identifier "GREEN_LED" is undefined
src\main.c(169): error:  #20: identifier "BLUE_LED" is undefined
src\main.c(175): error:  #20: identifier "RED_LED" is undefined
src\main.c(176): error:  #20: identifier "GREEN_LED" is undefined
src\main.c(182): error:  #20: identifier "RED_LED" is undefined
src\main.c(183): error:  #20: identifier "BLUE_LED" is undefined
src\main.c(191): error:  #20: identifier "RED_LED" is undefined
src\main.c(192): error:  #20: identifier "GREEN_LED" is undefined
src\main.c(193): error:  #20: identifier "BLUE_LED" is undefined
src\main.c(234): warning:  #177-D: variable "num" was declared but never referenced
src\main.c(235): warning:  #177-D: variable "numloops" was declared but never referenced
src\main.c(236): warning:  #177-D: variable "dir" was declared but never referenced
src\main.c(237): warning:  #177-D: variable "buff" was declared but never referenced
src\main.c(28): warning:  #177-D: function "LED_Config" was declared but never referenced
src\main.c(48): warning:  #177-D: function "LED_On" was declared but never referenced
src\main.c(57): warning:  #177-D: function "LED_Off" was declared but never referenced
Target not created
Build target 'KL25Z Flash'
compiling main.c...
include\gpio_defs.h(16): warning:  #1-D: last line of file ends without a newline
src\main.c(92): warning:  #111-D: statement is unreachable
src\main.c(159): error:  #20: identifier "RED_LED" is undefined
src\main.c(164): error:  #20: identifier "GREEN_LED" is undefined
src\main.c(169): error:  #20: identifier "BLUE_LED" is undefined
src\main.c(175): error:  #20: identifier "RED_LED" is undefined
src\main.c(176): error:  #20: identifier "GREEN_LED" is undefined
src\main.c(182): error:  #20: identifier "RED_LED" is undefined
src\main.c(183): error:  #20: identifier "BLUE_LED" is undefined
src\main.c(191): error:  #20: identifier "RED_LED" is undefined
src\main.c(192): error:  #20: identifier "GREEN_LED" is undefined
src\main.c(193): error:  #20: identifier "BLUE_LED" is undefined
src\main.c(234): warning:  #177-D: variable "num" was declared but never referenced
src\main.c(235): warning:  #177-D: variable "numloops" was declared but never referenced
src\main.c(236): warning:  #177-D: variable "dir" was declared but never referenced
src\main.c(237): warning:  #177-D: variable "buff" was declared but never referenced
src\main.c(28): warning:  #177-D: function "LED_Config" was declared but never referenced
src\main.c(48): warning:  #177-D: function "LED_On" was declared but never referenced
src\main.c(57): warning:  #177-D: function "LED_Off" was declared but never referenced
Target not created
Build target 'KL25Z Flash'
compiling main.c...
include\gpio_defs.h(16): warning:  #1-D: last line of file ends without a newline
src\main.c(92): warning:  #111-D: statement is unreachable
src\main.c(175): error:  #20: identifier "RED_LED" is undefined
src\main.c(176): error:  #20: identifier "GREEN_LED" is undefined
src\main.c(182): error:  #20: identifier "RED_LED" is undefined
src\main.c(183): error:  #20: identifier "BLUE_LED" is undefined
src\main.c(191): error:  #20: identifier "RED_LED" is undefined
src\main.c(192): error:  #20: identifier "GREEN_LED" is undefined
src\main.c(193): error:  #20: identifier "BLUE_LED" is undefined
src\main.c(234): warning:  #177-D: variable "num" was declared but never referenced
src\main.c(235): warning:  #177-D: variable "numloops" was declared but never referenced
src\main.c(236): warning:  #177-D: variable "dir" was declared but never referenced
src\main.c(237): warning:  #177-D: variable "buff" was declared but never referenced
src\main.c(28): warning:  #177-D: function "LED_Config" was declared but never referenced
src\main.c(48): warning:  #177-D: function "LED_On" was declared but never referenced
src\main.c(57): warning:  #177-D: function "LED_Off" was declared but never referenced
Target not created
Build target 'KL25Z Flash'
compiling main.c...
include\gpio_defs.h(16): warning:  #1-D: last line of file ends without a newline
src\main.c(92): warning:  #111-D: statement is unreachable
src\main.c(234): warning:  #177-D: variable "num" was declared but never referenced
src\main.c(235): warning:  #177-D: variable "numloops" was declared but never referenced
src\main.c(236): warning:  #177-D: variable "dir" was declared but never referenced
src\main.c(237): warning:  #177-D: variable "buff" was declared but never referenced
src\main.c(28): warning:  #177-D: function "LED_Config" was declared but never referenced
src\main.c(48): warning:  #177-D: function "LED_On" was declared but never referenced
src\main.c(57): warning:  #177-D: function "LED_Off" was declared but never referenced
linking...
Program Size: Code=2166 RO-data=306 RW-data=4 ZI-data=1028  
".\Flash\GPIODemos.axf" - 0 Error(s), 9 Warning(s).
Build target 'KL25Z Flash'
compiling main.c...
src\main.c(106): error:  #268: declaration may not appear after executable statement in block
src\main.c(106): error:  #67: expected a "}"
src\main.c(217): warning:  #177-D: variable "num" was declared but never referenced
src\main.c(218): warning:  #177-D: variable "numloops" was declared but never referenced
src\main.c(219): warning:  #177-D: variable "dir" was declared but never referenced
src\main.c(220): warning:  #177-D: variable "buff" was declared but never referenced
src\main.c(28): warning:  #177-D: function "LED_Config" was declared but never referenced
src\main.c(48): warning:  #177-D: function "LED_On" was declared but never referenced
src\main.c(57): warning:  #177-D: function "LED_Off" was declared but never referenced
Target not created
Build target 'KL25Z Flash'
compiling main.c...
src\main.c(218): warning:  #177-D: variable "num" was declared but never referenced
src\main.c(219): warning:  #177-D: variable "numloops" was declared but never referenced
src\main.c(220): warning:  #177-D: variable "dir" was declared but never referenced
src\main.c(221): warning:  #177-D: variable "buff" was declared but never referenced
src\main.c(28): warning:  #177-D: function "LED_Config" was declared but never referenced
src\main.c(48): warning:  #177-D: function "LED_On" was declared but never referenced
src\main.c(57): warning:  #177-D: function "LED_Off" was declared but never referenced
linking...
Program Size: Code=2166 RO-data=306 RW-data=4 ZI-data=1028  
".\Flash\GPIODemos.axf" - 0 Error(s), 7 Warning(s).
Build target 'KL25Z Flash'
compiling system_MKL25Z4.c...
compiling LCD_4bit.c...
compiling main.c...
src\main.c(218): warning:  #177-D: variable "num" was declared but never referenced
src\main.c(219): warning:  #177-D: variable "numloops" was declared but never referenced
src\main.c(220): warning:  #177-D: variable "dir" was declared but never referenced
src\main.c(221): warning:  #177-D: variable "buff" was declared but never referenced
src\main.c(28): warning:  #177-D: function "LED_Config" was declared but never referenced
src\main.c(48): warning:  #177-D: function "LED_On" was declared but never referenced
src\main.c(57): warning:  #177-D: function "LED_Off" was declared but never referenced
linking...
Program Size: Code=2166 RO-data=306 RW-data=4 ZI-data=1028  
".\Flash\GPIODemos.axf" - 0 Error(s), 7 Warning(s).
